dfadfd
sdf
sdf
sdf
sdf
ds